mode: atomic
github.com/homejira/api/internal/service/auth_service.go:22.105,29.2 1 14
github.com/homejira/api/internal/service/auth_service.go:32.72,34.2 1 2
github.com/homejira/api/internal/service/auth_service.go:37.81,39.16 2 4
github.com/homejira/api/internal/service/auth_service.go:39.16,41.3 1 1
github.com/homejira/api/internal/service/auth_service.go:42.2,42.88 1 3
github.com/homejira/api/internal/service/auth_service.go:42.88,44.3 1 1
github.com/homejira/api/internal/service/auth_service.go:45.2,46.16 2 2
github.com/homejira/api/internal/service/auth_service.go:46.16,48.3 1 0
github.com/homejira/api/internal/service/auth_service.go:49.2,49.22 1 2
github.com/homejira/api/internal/service/auth_service.go:53.92,55.16 2 4
github.com/homejira/api/internal/service/auth_service.go:55.16,57.3 1 0
github.com/homejira/api/internal/service/auth_service.go:60.2,61.16 2 4
github.com/homejira/api/internal/service/auth_service.go:61.16,63.3 1 0
github.com/homejira/api/internal/service/auth_service.go:64.2,67.16 3 4
github.com/homejira/api/internal/service/auth_service.go:67.16,69.3 1 0
github.com/homejira/api/internal/service/auth_service.go:72.2,72.20 1 4
github.com/homejira/api/internal/service/auth_service.go:72.20,74.3 1 0
github.com/homejira/api/internal/service/auth_service.go:76.2,77.16 2 4
github.com/homejira/api/internal/service/auth_service.go:77.16,79.3 1 0
github.com/homejira/api/internal/service/auth_service.go:80.2,80.22 1 4
github.com/homejira/api/internal/service/auth_service.go:84.78,85.68 1 3
github.com/homejira/api/internal/service/auth_service.go:85.68,86.54 1 2
github.com/homejira/api/internal/service/auth_service.go:86.54,88.4 1 0
github.com/homejira/api/internal/service/auth_service.go:89.3,89.26 1 2
github.com/homejira/api/internal/service/auth_service.go:91.2,91.32 1 3
github.com/homejira/api/internal/service/auth_service.go:91.32,93.3 1 1
github.com/homejira/api/internal/service/auth_service.go:95.2,96.9 2 2
github.com/homejira/api/internal/service/auth_service.go:96.9,98.3 1 0
github.com/homejira/api/internal/service/auth_service.go:100.2,100.46 1 2
github.com/homejira/api/internal/service/auth_service.go:100.46,103.3 2 10
github.com/homejira/api/internal/service/auth_service.go:104.2,109.42 6 2
github.com/homejira/api/internal/service/auth_service.go:109.42,111.3 1 0
github.com/homejira/api/internal/service/auth_service.go:112.2,119.54 2 2
github.com/homejira/api/internal/service/auth_service.go:119.54,121.3 1 0
github.com/homejira/api/internal/service/auth_service.go:124.2,125.16 2 2
github.com/homejira/api/internal/service/auth_service.go:125.16,127.3 1 0
github.com/homejira/api/internal/service/auth_service.go:128.2,128.58 1 2
github.com/homejira/api/internal/service/auth_service.go:128.58,130.3 1 1
github.com/homejira/api/internal/service/auth_service.go:132.2,132.20 1 1
github.com/homejira/api/internal/service/auth_service.go:137.83,139.16 2 2
github.com/homejira/api/internal/service/auth_service.go:139.16,141.3 1 1
github.com/homejira/api/internal/service/auth_service.go:142.2,143.16 2 1
github.com/homejira/api/internal/service/auth_service.go:143.16,145.3 1 0
github.com/homejira/api/internal/service/auth_service.go:146.2,146.22 1 1
github.com/homejira/api/internal/service/auth_service.go:150.89,151.23 1 3
github.com/homejira/api/internal/service/auth_service.go:151.23,153.3 1 1
github.com/homejira/api/internal/service/auth_service.go:154.2,155.16 2 2
github.com/homejira/api/internal/service/auth_service.go:155.16,157.3 1 0
github.com/homejira/api/internal/service/auth_service.go:159.2,160.16 2 2
github.com/homejira/api/internal/service/auth_service.go:160.16,162.3 1 0
github.com/homejira/api/internal/service/auth_service.go:163.2,163.98 1 2
github.com/homejira/api/internal/service/auth_service.go:163.98,165.3 1 1
github.com/homejira/api/internal/service/auth_service.go:166.2,167.16 2 1
github.com/homejira/api/internal/service/auth_service.go:167.16,169.3 1 0
github.com/homejira/api/internal/service/auth_service.go:170.2,170.53 1 1
github.com/homejira/api/internal/service/auth_service.go:173.68,183.26 2 7
github.com/homejira/api/internal/service/auth_service.go:183.26,185.3 1 0
github.com/homejira/api/internal/service/auth_service.go:186.2,187.40 2 7
github.com/homejira/api/internal/service/coin_service.go:29.16,31.2 1 12
github.com/homejira/api/internal/service/coin_service.go:34.111,36.2 1 1
github.com/homejira/api/internal/service/coin_service.go:39.93,41.16 2 2
github.com/homejira/api/internal/service/coin_service.go:41.16,43.3 1 0
github.com/homejira/api/internal/service/coin_service.go:44.2,45.16 2 2
github.com/homejira/api/internal/service/coin_service.go:45.16,47.3 1 0
github.com/homejira/api/internal/service/coin_service.go:48.2,48.27 1 2
github.com/homejira/api/internal/service/coin_service.go:52.83,54.16 2 4
github.com/homejira/api/internal/service/coin_service.go:54.16,56.3 1 1
github.com/homejira/api/internal/service/coin_service.go:57.2,57.31 1 3
github.com/homejira/api/internal/service/coin_service.go:57.31,59.3 1 0
github.com/homejira/api/internal/service/coin_service.go:61.2,62.16 2 3
github.com/homejira/api/internal/service/coin_service.go:62.16,64.3 1 0
github.com/homejira/api/internal/service/coin_service.go:66.2,67.16 2 3
github.com/homejira/api/internal/service/coin_service.go:67.16,69.3 1 1
github.com/homejira/api/internal/service/coin_service.go:70.2,70.24 1 2
github.com/homejira/api/internal/service/coin_service.go:75.80,77.16 2 2
github.com/homejira/api/internal/service/coin_service.go:77.16,79.3 1 1
github.com/homejira/api/internal/service/coin_service.go:80.2,80.42 1 1
github.com/homejira/api/internal/service/coin_service.go:85.84,86.25 1 4
github.com/homejira/api/internal/service/coin_service.go:86.25,88.3 1 1
github.com/homejira/api/internal/service/coin_service.go:89.2,90.16 2 3
github.com/homejira/api/internal/service/coin_service.go:90.16,92.3 1 1
github.com/homejira/api/internal/service/coin_service.go:94.2,94.34 1 2
github.com/homejira/api/internal/service/coin_service.go:94.34,96.3 1 1
github.com/homejira/api/internal/service/coin_service.go:97.2,98.16 2 1
github.com/homejira/api/internal/service/coin_service.go:98.16,100.3 1 0
github.com/homejira/api/internal/service/coin_service.go:101.2,103.4 1 1
github.com/homejira/api/internal/service/coin_service.go:106.46,108.43 2 3
github.com/homejira/api/internal/service/coin_service.go:108.43,110.3 1 0
github.com/homejira/api/internal/service/coin_service.go:111.2,111.83 1 3
github.com/homejira/api/internal/service/household_service.go:33.21,43.2 1 42
github.com/homejira/api/internal/service/household_service.go:46.41,48.43 2 6
github.com/homejira/api/internal/service/household_service.go:48.43,50.3 1 0
github.com/homejira/api/internal/service/household_service.go:51.2,52.18 2 6
github.com/homejira/api/internal/service/household_service.go:56.148,57.16 1 3
github.com/homejira/api/internal/service/household_service.go:57.16,59.3 1 1
github.com/homejira/api/internal/service/household_service.go:60.2,60.21 1 2
github.com/homejira/api/internal/service/household_service.go:60.21,62.3 1 0
github.com/homejira/api/internal/service/household_service.go:63.2,63.75 1 2
github.com/homejira/api/internal/service/household_service.go:63.75,65.3 1 1
github.com/homejira/api/internal/service/household_service.go:67.2,68.16 2 1
github.com/homejira/api/internal/service/household_service.go:68.16,70.3 1 0
github.com/homejira/api/internal/service/household_service.go:72.2,73.16 2 1
github.com/homejira/api/internal/service/household_service.go:73.16,75.3 1 0
github.com/homejira/api/internal/service/household_service.go:77.2,78.16 2 1
github.com/homejira/api/internal/service/household_service.go:78.16,80.3 1 0
github.com/homejira/api/internal/service/household_service.go:82.2,83.16 2 1
github.com/homejira/api/internal/service/household_service.go:83.16,85.3 1 0
github.com/homejira/api/internal/service/household_service.go:87.2,87.30 1 1
github.com/homejira/api/internal/service/household_service.go:91.136,92.16 1 3
github.com/homejira/api/internal/service/household_service.go:92.16,94.3 1 1
github.com/homejira/api/internal/service/household_service.go:96.2,97.16 2 2
github.com/homejira/api/internal/service/household_service.go:97.16,99.3 1 0
github.com/homejira/api/internal/service/household_service.go:101.2,102.16 2 2
github.com/homejira/api/internal/service/household_service.go:102.16,104.3 1 0
github.com/homejira/api/internal/service/household_service.go:107.2,107.62 1 2
github.com/homejira/api/internal/service/household_service.go:107.62,109.3 1 1
github.com/homejira/api/internal/service/household_service.go:111.2,112.16 2 1
github.com/homejira/api/internal/service/household_service.go:112.16,114.3 1 0
github.com/homejira/api/internal/service/household_service.go:115.2,115.20 1 1
github.com/homejira/api/internal/service/household_service.go:119.114,121.16 2 2
github.com/homejira/api/internal/service/household_service.go:121.16,123.3 1 0
github.com/homejira/api/internal/service/household_service.go:124.2,124.70 1 2
github.com/homejira/api/internal/service/household_service.go:124.70,126.3 1 1
github.com/homejira/api/internal/service/household_service.go:127.2,128.16 2 1
github.com/homejira/api/internal/service/household_service.go:128.16,130.3 1 0
github.com/homejira/api/internal/service/household_service.go:131.2,131.22 1 1
github.com/homejira/api/internal/service/household_service.go:135.131,137.16 2 2
github.com/homejira/api/internal/service/household_service.go:137.16,139.3 1 0
github.com/homejira/api/internal/service/household_service.go:140.2,140.70 1 2
github.com/homejira/api/internal/service/household_service.go:140.70,142.3 1 1
github.com/homejira/api/internal/service/household_service.go:144.2,145.16 2 1
github.com/homejira/api/internal/service/household_service.go:145.16,147.3 1 0
github.com/homejira/api/internal/service/household_service.go:148.2,148.43 1 1
github.com/homejira/api/internal/service/household_service.go:148.43,150.3 1 0
github.com/homejira/api/internal/service/household_service.go:151.2,151.45 1 1
github.com/homejira/api/internal/service/household_service.go:151.45,153.3 1 0
github.com/homejira/api/internal/service/household_service.go:155.2,156.16 2 1
github.com/homejira/api/internal/service/household_service.go:156.16,158.3 1 0
github.com/homejira/api/internal/service/household_service.go:160.2,161.16 2 1
github.com/homejira/api/internal/service/household_service.go:161.16,163.3 1 0
github.com/homejira/api/internal/service/household_service.go:165.2,165.32 1 1
github.com/homejira/api/internal/service/household_service.go:169.114,171.16 2 1
github.com/homejira/api/internal/service/household_service.go:171.16,173.3 1 0
github.com/homejira/api/internal/service/household_service.go:174.2,174.70 1 1
github.com/homejira/api/internal/service/household_service.go:174.70,176.3 1 0
github.com/homejira/api/internal/service/household_service.go:178.2,179.16 2 1
github.com/homejira/api/internal/service/household_service.go:179.16,181.3 1 0
github.com/homejira/api/internal/service/household_service.go:182.2,182.43 1 1
github.com/homejira/api/internal/service/household_service.go:182.43,184.3 1 0
github.com/homejira/api/internal/service/household_service.go:186.2,186.75 1 1
github.com/homejira/api/internal/service/household_service.go:190.120,192.16 2 6
github.com/homejira/api/internal/service/household_service.go:192.16,194.3 1 0
github.com/homejira/api/internal/service/household_service.go:195.2,195.70 1 6
github.com/homejira/api/internal/service/household_service.go:195.70,197.3 1 1
github.com/homejira/api/internal/service/household_service.go:198.2,198.17 1 5
github.com/homejira/api/internal/service/household_service.go:198.17,200.3 1 1
github.com/homejira/api/internal/service/household_service.go:201.2,201.68 1 4
github.com/homejira/api/internal/service/household_service.go:205.96,206.17 1 2
github.com/homejira/api/internal/service/household_service.go:206.17,208.3 1 1
github.com/homejira/api/internal/service/household_service.go:209.2,209.45 1 1
github.com/homejira/api/internal/service/household_service.go:213.120,215.16 2 1
github.com/homejira/api/internal/service/household_service.go:215.16,217.3 1 0
github.com/homejira/api/internal/service/household_service.go:219.2,220.16 2 1
github.com/homejira/api/internal/service/household_service.go:220.16,222.3 1 0
github.com/homejira/api/internal/service/household_service.go:225.2,225.86 1 1
github.com/homejira/api/internal/service/household_service.go:225.86,227.3 1 0
github.com/homejira/api/internal/service/household_service.go:229.2,230.16 2 1
github.com/homejira/api/internal/service/household_service.go:230.16,232.3 1 0
github.com/homejira/api/internal/service/household_service.go:234.2,235.16 2 1
github.com/homejira/api/internal/service/household_service.go:235.16,237.3 1 0
github.com/homejira/api/internal/service/household_service.go:239.2,239.39 1 1
github.com/homejira/api/internal/service/household_service.go:243.104,245.16 2 1
github.com/homejira/api/internal/service/household_service.go:245.16,247.3 1 0
github.com/homejira/api/internal/service/household_service.go:248.2,249.16 2 1
github.com/homejira/api/internal/service/household_service.go:249.16,251.3 1 0
github.com/homejira/api/internal/service/household_service.go:253.2,253.62 1 1
github.com/homejira/api/internal/service/household_service.go:257.94,259.16 2 3
github.com/homejira/api/internal/service/household_service.go:259.16,261.3 1 0
github.com/homejira/api/internal/service/household_service.go:262.2,262.70 1 3
github.com/homejira/api/internal/service/household_service.go:262.70,264.3 1 1
github.com/homejira/api/internal/service/household_service.go:265.2,265.25 1 2
github.com/homejira/api/internal/service/household_service.go:265.25,267.3 1 1
github.com/homejira/api/internal/service/household_service.go:269.2,270.16 2 1
github.com/homejira/api/internal/service/household_service.go:270.16,272.3 1 0
github.com/homejira/api/internal/service/household_service.go:273.2,273.76 1 1
github.com/homejira/api/internal/service/household_service.go:273.76,275.3 1 0
github.com/homejira/api/internal/service/household_service.go:277.2,277.85 1 1
github.com/homejira/api/internal/service/household_service.go:277.85,279.3 1 0
github.com/homejira/api/internal/service/household_service.go:281.2,281.43 1 1
github.com/homejira/api/internal/service/household_service.go:286.87,288.16 2 3
github.com/homejira/api/internal/service/household_service.go:288.16,290.3 1 0
github.com/homejira/api/internal/service/household_service.go:291.2,291.26 1 3
github.com/homejira/api/internal/service/household_service.go:291.26,293.3 1 1
github.com/homejira/api/internal/service/household_service.go:295.2,296.16 2 2
github.com/homejira/api/internal/service/household_service.go:296.16,298.3 1 0
github.com/homejira/api/internal/service/household_service.go:300.2,300.38 1 2
github.com/homejira/api/internal/service/household_service.go:300.38,302.26 2 1
github.com/homejira/api/internal/service/household_service.go:302.26,303.41 1 1
github.com/homejira/api/internal/service/household_service.go:303.41,305.5 1 1
github.com/homejira/api/internal/service/household_service.go:307.3,307.22 1 1
github.com/homejira/api/internal/service/household_service.go:307.22,309.4 1 1
github.com/homejira/api/internal/service/household_service.go:313.2,314.21 2 1
github.com/homejira/api/internal/service/household_service.go:314.21,315.28 1 2
github.com/homejira/api/internal/service/household_service.go:315.28,316.12 1 1
github.com/homejira/api/internal/service/household_service.go:318.3,318.64 1 1
github.com/homejira/api/internal/service/household_service.go:318.64,320.4 1 1
github.com/homejira/api/internal/service/household_service.go:322.2,322.22 1 1
github.com/homejira/api/internal/service/household_service.go:322.22,323.87 1 1
github.com/homejira/api/internal/service/household_service.go:323.87,325.4 1 0
github.com/homejira/api/internal/service/household_service.go:328.2,328.43 1 1
github.com/homejira/api/internal/service/household_service.go:334.70,336.16 2 3
github.com/homejira/api/internal/service/household_service.go:336.16,338.3 1 0
github.com/homejira/api/internal/service/household_service.go:339.2,339.26 1 3
github.com/homejira/api/internal/service/household_service.go:339.26,341.3 1 1
github.com/homejira/api/internal/service/household_service.go:342.2,342.38 1 2
github.com/homejira/api/internal/service/household_service.go:342.38,344.3 1 1
github.com/homejira/api/internal/service/household_service.go:345.2,345.44 1 1
github.com/homejira/api/internal/service/household_service.go:349.106,351.31 2 2
github.com/homejira/api/internal/service/household_service.go:351.31,353.3 1 1
github.com/homejira/api/internal/service/household_service.go:354.2,354.17 1 1
github.com/homejira/api/internal/service/household_service.go:358.83,360.16 2 2
github.com/homejira/api/internal/service/household_service.go:360.16,362.3 1 0
github.com/homejira/api/internal/service/household_service.go:363.2,363.33 1 2
github.com/homejira/api/internal/service/household_service.go:363.33,365.3 1 1
github.com/homejira/api/internal/service/household_service.go:366.2,366.45 1 1
github.com/homejira/api/internal/service/household_service.go:366.45,368.3 1 0
github.com/homejira/api/internal/service/household_service.go:369.2,369.38 1 1
github.com/homejira/api/internal/service/household_service.go:373.95,375.16 2 2
github.com/homejira/api/internal/service/household_service.go:375.16,377.3 1 0
github.com/homejira/api/internal/service/household_service.go:378.2,378.70 1 2
github.com/homejira/api/internal/service/household_service.go:378.70,380.3 1 0
github.com/homejira/api/internal/service/household_service.go:381.2,381.25 1 2
github.com/homejira/api/internal/service/household_service.go:381.25,383.3 1 0
github.com/homejira/api/internal/service/household_service.go:385.2,386.16 2 2
github.com/homejira/api/internal/service/household_service.go:386.16,388.3 1 0
github.com/homejira/api/internal/service/household_service.go:389.2,389.76 1 2
github.com/homejira/api/internal/service/household_service.go:389.76,391.3 1 0
github.com/homejira/api/internal/service/household_service.go:392.2,392.43 1 2
github.com/homejira/api/internal/service/household_service.go:392.43,394.3 1 1
github.com/homejira/api/internal/service/household_service.go:396.2,396.95 1 1
github.com/homejira/api/internal/service/household_service.go:401.99,403.16 2 6
github.com/homejira/api/internal/service/household_service.go:403.16,405.3 1 0
github.com/homejira/api/internal/service/household_service.go:406.2,406.70 1 6
github.com/homejira/api/internal/service/household_service.go:406.70,408.3 1 1
github.com/homejira/api/internal/service/household_service.go:410.2,411.16 2 5
github.com/homejira/api/internal/service/household_service.go:411.16,413.3 1 0
github.com/homejira/api/internal/service/household_service.go:415.2,416.16 2 5
github.com/homejira/api/internal/service/household_service.go:416.16,418.3 1 0
github.com/homejira/api/internal/service/household_service.go:420.2,421.96 2 5
github.com/homejira/api/internal/service/household_service.go:421.96,423.3 1 0
github.com/homejira/api/internal/service/household_service.go:425.2,425.22 1 5
github.com/homejira/api/internal/service/household_service.go:429.95,431.16 2 2
github.com/homejira/api/internal/service/household_service.go:431.16,433.3 1 1
github.com/homejira/api/internal/service/household_service.go:434.2,434.48 1 1
github.com/homejira/api/internal/service/household_service.go:438.104,440.16 2 3
github.com/homejira/api/internal/service/household_service.go:440.16,442.3 1 0
github.com/homejira/api/internal/service/household_service.go:444.2,445.16 2 3
github.com/homejira/api/internal/service/household_service.go:445.16,447.3 1 0
github.com/homejira/api/internal/service/household_service.go:450.2,450.74 1 3
github.com/homejira/api/internal/service/household_service.go:450.74,452.3 1 1
github.com/homejira/api/internal/service/household_service.go:454.2,454.31 1 2
github.com/homejira/api/internal/service/household_service.go:454.31,456.3 1 1
github.com/homejira/api/internal/service/household_service.go:458.2,459.16 2 1
github.com/homejira/api/internal/service/household_service.go:459.16,461.3 1 0
github.com/homejira/api/internal/service/household_service.go:464.2,464.20 1 1
github.com/homejira/api/internal/service/household_service.go:464.20,471.3 2 0
github.com/homejira/api/internal/service/household_service.go:473.2,473.21 1 1
github.com/homejira/api/internal/service/household_service.go:477.97,479.16 2 2
github.com/homejira/api/internal/service/household_service.go:479.16,481.3 1 0
github.com/homejira/api/internal/service/household_service.go:482.2,482.26 1 2
github.com/homejira/api/internal/service/household_service.go:482.26,484.3 1 1
github.com/homejira/api/internal/service/household_service.go:485.2,485.46 1 1
github.com/homejira/api/internal/service/member_service.go:14.71,16.2 1 10
github.com/homejira/api/internal/service/member_service.go:18.64,20.2 1 2
github.com/homejira/api/internal/service/member_service.go:22.89,24.2 1 1
github.com/homejira/api/internal/service/member_service.go:26.73,28.2 1 2
github.com/homejira/api/internal/service/member_service.go:30.90,32.2 1 1
github.com/homejira/api/internal/service/member_service.go:34.111,35.16 1 4
github.com/homejira/api/internal/service/member_service.go:35.16,37.3 1 1
github.com/homejira/api/internal/service/member_service.go:38.2,38.21 1 3
github.com/homejira/api/internal/service/member_service.go:38.21,40.3 1 1
github.com/homejira/api/internal/service/member_service.go:41.2,41.63 1 2
github.com/homejira/api/internal/service/task_service.go:19.134,21.2 1 25
github.com/homejira/api/internal/service/task_service.go:23.82,25.2 1 1
github.com/homejira/api/internal/service/task_service.go:29.84,31.16 2 2
github.com/homejira/api/internal/service/task_service.go:31.16,33.3 1 0
github.com/homejira/api/internal/service/task_service.go:34.2,34.27 1 2
github.com/homejira/api/internal/service/task_service.go:37.67,39.2 1 3
github.com/homejira/api/internal/service/task_service.go:41.86,42.107 1 5
github.com/homejira/api/internal/service/task_service.go:42.107,44.3 1 4
github.com/homejira/api/internal/service/task_service.go:45.2,46.16 2 1
github.com/homejira/api/internal/service/task_service.go:46.16,48.3 1 0
github.com/homejira/api/internal/service/task_service.go:49.2,51.18 3 1
github.com/homejira/api/internal/service/task_service.go:54.119,56.16 2 10
github.com/homejira/api/internal/service/task_service.go:56.16,58.3 1 1
github.com/homejira/api/internal/service/task_service.go:59.2,59.62 1 9
github.com/homejira/api/internal/service/task_service.go:59.62,61.3 1 1
github.com/homejira/api/internal/service/task_service.go:62.2,62.62 1 8
github.com/homejira/api/internal/service/task_service.go:62.62,64.3 1 0
github.com/homejira/api/internal/service/task_service.go:65.2,65.29 1 8
github.com/homejira/api/internal/service/task_service.go:65.29,66.66 1 2
github.com/homejira/api/internal/service/task_service.go:66.66,68.4 1 1
github.com/homejira/api/internal/service/task_service.go:71.2,72.16 2 7
github.com/homejira/api/internal/service/task_service.go:72.16,74.3 1 0
github.com/homejira/api/internal/service/task_service.go:76.2,78.18 3 7
github.com/homejira/api/internal/service/task_service.go:81.54,83.2 1 1
github.com/homejira/api/internal/service/task_service.go:85.100,86.35 1 4
github.com/homejira/api/internal/service/task_service.go:86.35,88.3 1 1
github.com/homejira/api/internal/service/task_service.go:89.2,89.52 1 3
github.com/homejira/api/internal/service/task_service.go:89.52,91.3 1 1
github.com/homejira/api/internal/service/task_service.go:92.2,92.56 1 2
github.com/homejira/api/internal/service/task_service.go:92.56,94.3 1 1
github.com/homejira/api/internal/service/task_service.go:95.2,95.51 1 1
github.com/homejira/api/internal/service/task_service.go:98.80,100.2 1 2
github.com/homejira/api/internal/service/task_service.go:103.119,104.50 1 7
github.com/homejira/api/internal/service/task_service.go:104.50,106.18 2 4
github.com/homejira/api/internal/service/task_service.go:106.18,108.4 1 3
github.com/homejira/api/internal/service/task_service.go:109.3,109.50 1 4
github.com/homejira/api/internal/service/task_service.go:112.2,112.68 1 7
github.com/homejira/api/internal/service/task_service.go:112.68,115.26 3 0
github.com/homejira/api/internal/service/task_service.go:115.26,117.4 1 0
github.com/homejira/api/internal/service/task_service.go:118.3,118.26 1 0
github.com/homejira/api/internal/service/task_service.go:118.26,120.4 1 0
github.com/homejira/api/internal/service/task_service.go:121.3,124.5 1 0
github.com/homejira/api/internal/service/task_service.go:127.2,127.62 1 7
github.com/homejira/api/internal/service/task_service.go:127.62,132.3 1 1
github.com/homejira/api/internal/service/task_service.go:134.2,134.62 1 7
github.com/homejira/api/internal/service/task_service.go:134.62,139.3 1 1
github.com/homejira/api/internal/service/task_service.go:141.2,141.53 1 7
github.com/homejira/api/internal/service/task_service.go:141.53,145.3 1 2
github.com/homejira/api/internal/service/task_service.go:147.2,147.53 1 7
github.com/homejira/api/internal/service/task_service.go:147.53,149.3 1 1
github.com/homejira/api/internal/service/task_service.go:151.2,151.22 1 7
github.com/homejira/api/internal/service/task_service.go:151.22,153.3 1 1
github.com/homejira/api/internal/service/task_service.go:153.8,153.31 1 6
github.com/homejira/api/internal/service/task_service.go:153.31,155.57 2 1
github.com/homejira/api/internal/service/task_service.go:155.57,159.4 1 1
github.com/homejira/api/internal/service/task_service.go:163.135,164.17 1 5
github.com/homejira/api/internal/service/task_service.go:164.17,166.3 1 1
github.com/homejira/api/internal/service/task_service.go:167.2,167.30 1 4
github.com/homejira/api/internal/service/task_service.go:167.30,169.3 1 1
github.com/homejira/api/internal/service/task_service.go:170.2,170.30 1 3
github.com/homejira/api/internal/service/task_service.go:170.30,172.3 1 1
github.com/homejira/api/internal/service/task_service.go:173.2,173.58 1 2
github.com/homejira/api/internal/service/task_service.go:173.58,175.3 1 1
github.com/homejira/api/internal/service/task_service.go:176.2,176.12 1 1
github.com/homejira/api/internal/service/task_service.go:179.44,180.11 1 6
github.com/homejira/api/internal/service/task_service.go:181.98,182.14 1 4
github.com/homejira/api/internal/service/task_service.go:184.2,184.14 1 2
github.com/homejira/api/internal/service/task_service.go:187.44,188.11 1 4
github.com/homejira/api/internal/service/task_service.go:189.73,190.14 1 3
github.com/homejira/api/internal/service/task_service.go:192.2,192.14 1 1
